[21:47:27] [ServerMain/INFO]: [bootstrap] Running Java 21 (OpenJDK 64-Bit Server VM 21.0.4+7-LTS; Eclipse Adoptium Temurin-21.0.4+7) on Windows 11 10.0 (amd64)
[21:47:27] [ServerMain/INFO]: [bootstrap] Loading Paper 1.21.10-117-ver/1.21.10@df4b668 (2025-11-30T22:37:28Z) for Minecraft 1.21.10
[21:47:29] [ServerMain/INFO]: [PluginInitializerManager] Initializing plugins...
[21:47:30] [ServerMain/INFO]: [PluginInitializerManager] Initialized 1 plugin
[21:47:30] [ServerMain/INFO]: [PluginInitializerManager] Bukkit plugins (1):
 - Plugin (1.0-SNAPSHOT)
[21:47:38] [ServerMain/INFO]: Environment: Environment[sessionHost=https://sessionserver.mojang.com, servicesHost=https://api.minecraftservices.com, profilesHost=https://api.mojang.com, name=PROD]
[21:47:38] [ServerMain/INFO]: Found new data pack file/bukkit, loading it automatically
[21:47:38] [ServerMain/INFO]: Found new data pack paper, loading it automatically
[21:47:40] [ServerMain/INFO]: No existing world data, creating new world
[21:47:40] [ServerMain/ERROR]: No key layers in MapLike[{}]
[21:47:42] [ServerMain/INFO]: Loaded 1461 recipes
[21:47:42] [ServerMain/INFO]: Loaded 1574 advancements
[21:47:42] [ServerMain/INFO]: [ca.spottedleaf.dataconverter.minecraft.datatypes.MCTypeRegistry] Initialising converters for DataConverter...
[21:47:42] [ServerMain/INFO]: [ca.spottedleaf.dataconverter.minecraft.datatypes.MCTypeRegistry] Finished initialising converters for DataConverter in 523,8ms
[21:47:42] [Server thread/INFO]: Starting minecraft server version 1.21.10
[21:47:42] [Server thread/INFO]: Loading properties
[21:47:42] [Server thread/INFO]: This server is running Paper version 1.21.10-117-ver/1.21.10@df4b668 (2025-11-30T22:37:28Z) (Implementing API version 1.21.10-R0.1-SNAPSHOT)
[21:47:43] [Server thread/INFO]: [spark] This server bundles the spark profiler. For more information please visit https://docs.papermc.io/paper/profiling
[21:47:43] [Server thread/INFO]: Server Ping Player Sample Count: 12
[21:47:43] [Server thread/INFO]: Using 4 threads for Netty based IO
[21:47:44] [Server thread/INFO]: [MoonriseCommon] Paper is using 1 worker threads, 1 I/O threads
[21:47:44] [Server thread/INFO]: Default game type: CREATIVE
[21:47:44] [Server thread/INFO]: Generating keypair
[21:47:44] [Server thread/INFO]: Starting Minecraft server on *:25565
[21:47:45] [Server thread/INFO]: Using default channel type
[21:47:45] [Server thread/INFO]: Paper: Using Java compression from Velocity.
[21:47:45] [Server thread/INFO]: Paper: Using Java cipher from Velocity.
[21:47:45] [Server thread/INFO]: [Plugin] Loading server plugin Plugin v1.0-SNAPSHOT
[21:47:45] [Server thread/INFO]: Server permissions file permissions.yml is empty, ignoring it
[21:47:45] [Server thread/INFO]: Preparing level "world"
[21:47:45] [Server thread/ERROR]: No key layers in MapLike[{}]
[21:47:45] [Server thread/INFO]: Selecting spawn point for world 'minecraft:overworld'...
[21:47:45] [Server thread/ERROR]: No key layers in MapLike[{}]
[21:47:45] [Server thread/INFO]: Selecting spawn point for world 'minecraft:the_nether'...
[21:47:46] [Server thread/ERROR]: No key layers in MapLike[{}]
[21:47:46] [Server thread/INFO]: Selecting spawn point for world 'minecraft:the_end'...
[21:47:46] [Server thread/INFO]: Loading 0 persistent chunks for world 'minecraft:overworld'...
[21:47:46] [Server thread/INFO]: Preparing spawn area: 100%
[21:47:46] [Server thread/INFO]: Prepared spawn area in 563 ms
[21:47:46] [Server thread/INFO]: Loading 0 persistent chunks for world 'minecraft:the_nether'...
[21:47:46] [Server thread/INFO]: Preparing spawn area: 100%
[21:47:46] [Server thread/INFO]: Prepared spawn area in 190 ms
[21:47:46] [Server thread/INFO]: Loading 0 persistent chunks for world 'minecraft:the_end'...
[21:47:46] [Server thread/INFO]: Preparing spawn area: 100%
[21:47:46] [Server thread/INFO]: Prepared spawn area in 43 ms
[21:47:46] [Server thread/INFO]: Done preparing level "world" (0.917s)
[21:47:46] [Server thread/INFO]: [Plugin] Enabling Plugin v1.0-SNAPSHOT
[21:47:46] [Server thread/INFO]: [Plugin] [STDOUT] Plugin is enabled
[21:47:46] [Server thread/WARN]: Nag author(s): '[]' of 'Plugin v1.0-SNAPSHOT' about their usage of System.out/err.print. Please use your plugin's logger instead (JavaPlugin#getLogger).
[21:47:46] [Server thread/INFO]: [spark] Starting background profiler...
[21:47:46] [Server thread/INFO]: [spark] The async-profiler engine is not supported for your os/arch (windows11/amd64), so the built-in Java engine will be used instead.
[21:47:46] [Server thread/INFO]: Running delayed init tasks
[21:47:46] [Server thread/INFO]: Done (20.943s)! For help, type "help"
[21:48:17] [User Authenticator #0/INFO]: UUID of player NicoDx is e46ac9fd-1d3b-4f3a-9678-8277134e38d2
[21:48:22] [Server thread/INFO]: [Plugin] [STDOUT] Connecting to server...
[21:48:22] [Server thread/INFO]: 200
[21:48:22] [Server thread/INFO]: [Plugin] [STDOUT] {"build":[{"x":0,"y":-60,"z":0,"block":"OAK_LOG"},{"x":0,"y":-59,"z":0,"block":"OAK_LOG"},{"x":0,"y":-58,"z":0,"block":"OAK_LOG"},{"x":0,"y":-57,"z":0,"block":"OAK_LOG"},{"x":0,"y":-56,"z":0,"block":"OAK_LOG"},{"x":0,"y":-55,"z":0,"block":"OAK_LOG"},{"x":0,"y":-54,"z":0,"block":"OAK_LOG"},{"x":-1,"y":-53,"z":-1,"block":"OAK_PLANKS"},{"x":0,"y":-53,"z":-1,"block":"OAK_PLANKS"},{"x":1,"y":-53,"z":-1,"block":"OAK_PLANKS"},{"x":-1,"y":-53,"z":0,"block":"OAK_PLANKS"},{"x":0,"y":-53,"z":0,"block":"OAK_PLANKS"},{"x":1,"y":-53,"z":0,"block":"OAK_PLANKS"},{"x":-1,"y":-53,"z":1,"block":"OAK_PLANKS"},{"x":0,"y":-53,"z":1,"block":"OAK_PLANKS"},{"x":1,"y":-53,"z":1,"block":"OAK_PLANKS"},{"x":-1,"y":-52,"z":-1,"block":"OAK_FENCE"},{"x":0,"y":-52,"z":-1,"block":"OAK_FENCE"},{"x":1,"y":-52,"z":-1,"block":"OAK_FENCE"},{"x":-1,"y":-52,"z":0,"block":"OAK_FENCE"},{"x":1,"y":-52,"z":0,"block":"OAK_FENCE"},{"x":-1,"y":-52,"z":1,"block":"OAK_FENCE"},{"x":0,"y":-52,"z":1,"block":"OAK_FENCE"},{"x":1,"y":-52,"z":1,"block":"OAK_FENCE"},{"x":-1,"y":-51,"z":-1,"block":"OAK_LEAVES"},{"x":0,"y":-51,"z":-1,"block":"OAK_LEAVES"},{"x":1,"y":-51,"z":-1,"block":"OAK_LEAVES"},{"x":-1,"y":-51,"z":0,"block":"OAK_LEAVES"},{"x":0,"y":-51,"z":0,"block":"OAK_LEAVES"},{"x":1,"y":-51,"z":0,"block":"OAK_LEAVES"},{"x":-1,"y":-51,"z":1,"block":"OAK_LEAVES"},{"x":0,"y":-51,"z":1,"block":"OAK_LEAVES"},{"x":1,"y":-51,"z":1,"block":"OAK_LEAVES"},{"x":-2,"y":-51,"z":0,"block":"OAK_LEAVES"},{"x":2,"y":-51,"z":0,"block":"OAK_LEAVES"},{"x":0,"y":-51,"z":-2,"block":"OAK_LEAVES"},{"x":0,"y":-51,"z":2,"block":"OAK_LEAVES"},{"x":0,"y":-50,"z":0,"block":"OAK_LEAVES"},{"x":1,"y":-59,"z":0,"block":"LADDER"},{"x":1,"y":-58,"z":0,"block":"LADDER"},{"x":1,"y":-57,"z":0,"block":"LADDER"},{"x":1,"y":-56,"z":0,"block":"LADDER"},{"x":1,"y":-55,"z":0,"block":"LADDER"},{"x":1,"y":-54,"z":0,"block":"LADDER"},{"x":2,"y":-53,"z":0,"block":"OAK_PLANKS"},{"x":3,"y":-53,"z":0,"block":"OAK_PLANKS"},{"x":4,"y":-53,"z":0,"block":"OAK_PLANKS"},{"x":5,"y":-53,"z":0,"block":"OAK_PLANKS"},{"x":6,"y":-53,"z":0,"block":"OAK_PLANKS"},{"x":7,"y":-53,"z":0,"block":"OAK_PLANKS"},{"x":8,"y":-53,"z":0,"block":"OAK_PLANKS"},{"x":9,"y":-53,"z":0,"block":"OAK_PLANKS"},{"x":10,"y":-53,"z":0,"block":"OAK_PLANKS"},{"x":11,"y":-53,"z":0,"block":"OAK_PLANKS"},{"x":12,"y":-53,"z":0,"block":"OAK_PLANKS"},{"x":13,"y":-53,"z":0,"block":"OAK_PLANKS"},{"x":14,"y":-53,"z":0,"block":"OAK_PLANKS"},{"x":15,"y":-53,"z":0,"block":"OAK_PLANKS"},{"x":16,"y":-53,"z":0,"block":"OAK_PLANKS"},{"x":17,"y":-53,"z":0,"block":"OAK_PLANKS"},{"x":18,"y":-53,"z":0,"block":"OAK_PLANKS"},{"x":19,"y":-53,"z":0,"block":"OAK_PLANKS"},{"x":20,"y":-53,"z":0,"block":"OAK_PLANKS"},{"x":21,"y":-53,"z":0,"block":"OAK_PLANKS"},{"x":22,"y":-53,"z":0,"block":"OAK_PLANKS"},{"x":23,"y":-53,"z":0,"block":"OAK_PLANKS"},{"x":24,"y":-53,"z":0,"block":"OAK_PLANKS"},{"x":25,"y":-53,"z":0,"block":"OAK_PLANKS"},{"x":26,"y":-53,"z":0,"block":"OAK_PLANKS"},{"x":27,"y":-53,"z":0,"block":"OAK_PLANKS"},{"x":28,"y":-53,"z":0,"block":"OAK_PLANKS"},{"x":29,"y":-53,"z":0,"block":"OAK_PLANKS"},{"x":30,"y":-53,"z":0,"block":"OAK_PLANKS"},{"x":31,"y":-53,"z":0,"block":"OAK_PLANKS"},{"x":32,"y":-53,"z":0,"block":"OAK_PLANKS"},{"x":33,"y":-53,"z":0,"block":"OAK_PLANKS"},{"x":34,"y":-53,"z":0,"block":"OAK_PLANKS"},{"x":35,"y":-53,"z":0,"block":"OAK_PLANKS"},{"x":36,"y":-53,"z":0,"block":"OAK_PLANKS"},{"x":37,"y":-53,"z":0,"block":"OAK_PLANKS"},{"x":38,"y":-53,"z":0,"block":"OAK_PLANKS"},{"x":39,"y":-53,"z":0,"block":"OAK_PLANKS"},{"x":40,"y":-53,"z":0,"block":"OAK_PLANKS"},{"x":41,"y":-53,"z":0,"block":"OAK_PLANKS"},{"x":2,"y":-52,"z":-1,"block":"OAK_FENCE"},{"x":3,"y":-52,"z":-1,"block":"OAK_FENCE"},{"x":4,"y":-52,"z":-1,"block":"OAK_FENCE"},{"x":5,"y":-52,"z":-1,"block":"OAK_FENCE"},{"x":6,"y":-52,"z":-1,"block":"OAK_FENCE"},{"x":7,"y":-52,"z":-1,"block":"OAK_FENCE"},{"x":8,"y":-52,"z":-1,"block":"OAK_FENCE"},{"x":9,"y":-52,"z":-1,"block":"OAK_FENCE"},{"x":10,"y":-52,"z":-1,"block":"OAK_FENCE"},{"x":11,"y":-52,"z":-1,"block":"OAK_FENCE"},{"x":12,"y":-52,"z":-1,"block":"OAK_FENCE"},{"x":13,"y":-52,"z":-1,"block":"OAK_FENCE"},{"x":14,"y":-52,"z":-1,"block":"OAK_FENCE"},{"x":15,"y":-52,"z":-1,"block":"OAK_FENCE"},{"x":16,"y":-52,"z":-1,"block":"OAK_FENCE"},{"x":17,"y":-52,"z":-1,"block":"OAK_FENCE"},{"x":18,"y":-52,"z":-1,"block":"OAK_FENCE"},{"x":19,"y":-52,"z":-1,"block":"OAK_FENCE"},{"x":20,"y":-52,"z":-1,"block":"OAK_FENCE"},{"x":21,"y":-52,"z":-1,"block":"OAK_FENCE"},{"x":22,"y":-52,"z":-1,"block":"OAK_FENCE"},{"x":23,"y":-52,"z":-1,"block":"OAK_FENCE"},{"x":24,"y":-52,"z":-1,"block":"OAK_FENCE"},{"x":25,"y":-52,"z":-1,"block":"OAK_FENCE"},{"x":26,"y":-52,"z":-1,"block":"OAK_FENCE"},{"x":27,"y":-52,"z":-1,"block":"OAK_FENCE"},{"x":28,"y":-52,"z":-1,"block":"OAK_FENCE"},{"x":29,"y":-52,"z":-1,"block":"OAK_FENCE"},{"x":30,"y":-52,"z":-1,"block":"OAK_FENCE"},{"x":31,"y":-52,"z":-1,"block":"OAK_FENCE"},{"x":32,"y":-52,"z":-1,"block":"OAK_FENCE"},{"x":33,"y":-52,"z":-1,"block":"OAK_FENCE"},{"x":34,"y":-52,"z":-1,"block":"OAK_FENCE"},{"x":35,"y":-52,"z":-1,"block":"OAK_FENCE"},{"x":36,"y":-52,"z":-1,"block":"OAK_FENCE"},{"x":37,"y":-52,"z":-1,"block":"OAK_FENCE"},{"x":38,"y":-52,"z":-1,"block":"OAK_FENCE"},{"x":39,"y":-52,"z":-1,"block":"OAK_FENCE"},{"x":40,"y":-52,"z":-1,"block":"OAK_FENCE"},{"x":41,"y":-52,"z":-1,"block":"OAK_FENCE"},{"x":2,"y":-52,"z":1,"block":"OAK_FENCE"},{"x":3,"y":-52,"z":1,"block":"OAK_FENCE"},{"x":4,"y":-52,"z":1,"block":"OAK_FENCE"},{"x":5,"y":-52,"z":1,"block":"OAK_FENCE"},{"x":6,"y":-52,"z":1,"block":"OAK_FENCE"},{"x":7,"y":-52,"z":1,"block":"OAK_FENCE"},{"x":8,"y":-52,"z":1,"block":"OAK_FENCE"},{"x":9,"y":-52,"z":1,"block":"OAK_FENCE"},{"x":10,"y":-52,"z":1,"block":"OAK_FENCE"},{"x":11,"y":-52,"z":1,"block":"OAK_FENCE"},{"x":12,"y":-52,"z":1,"block":"OAK_FENCE"},{"x":13,"y":-52,"z":1,"block":"OAK_FENCE"},{"x":14,"y":-52,"z":1,"block":"OAK_FENCE"},{"x":15,"y":-52,"z":1,"block":"OAK_FENCE"},{"x":16,"y":-52,"z":1,"block":"OAK_FENCE"},{"x":17,"y":-52,"z":1,"block":"OAK_FENCE"},{"x":18,"y":-52,"z":1,"block":"OAK_FENCE"},{"x":19,"y":-52,"z":1,"block":"OAK_FENCE"},{"x":20,"y":-52,"z":1,"block":"OAK_FENCE"},{"x":21,"y":-52,"z":1,"block":"OAK_FENCE"},{"x":22,"y":-52,"z":1,"block":"OAK_FENCE"},{"x":23,"y":-52,"z":1,"block":"OAK_FENCE"},{"x":24,"y":-52,"z":1,"block":"OAK_FENCE"},{"x":25,"y":-52,"z":1,"block":"OAK_FENCE"},{"x":26,"y":-52,"z":1,"block":"OAK_FENCE"},{"x":27,"y":-52,"z":1,"block":"OAK_FENCE"},{"x":28,"y":-52,"z":1,"block":"OAK_FENCE"},{"x":29,"y":-52,"z":1,"block":"OAK_FENCE"},{"x":30,"y":-52,"z":1,"block":"OAK_FENCE"},{"x":31,"y":-52,"z":1,"block":"OAK_FENCE"},{"x":32,"y":-52,"z":1,"block":"OAK_FENCE"},{"x":33,"y":-52,"z":1,"block":"OAK_FENCE"},{"x":34,"y":-52,"z":1,"block":"OAK_FENCE"},{"x":35,"y":-52,"z":1,"block":"OAK_FENCE"},{"x":36,"y":-52,"z":1,"block":"OAK_FENCE"},{"x":37,"y":-52,"z":1,"block":"OAK_FENCE"},{"x":38,"y":-52,"z":1,"block":"OAK_FENCE"},{"x":39,"y":-52,"z":1,"block":"OAK_FENCE"},{"x":40,"y":-52,"z":1,"block":"OAK_FENCE"},{"x":41,"y":-52,"z":1,"block":"OAK_FENCE"},{"x":2,"y":-51,"z":-1,"block":"OAK_FENCE"},{"x":2,"y":-50,"z":-1,"block":"OAK_FENCE"},{"x":2,"y":-51,"z":1,"block":"OAK_FENCE"},{"x":2,"y":-50,"z":1,"block":"OAK_FENCE"},{"x":7,"y":-51,"z":-1,"block":"OAK_FENCE"},{"x":7,"y":-50,"z":-1,"block":"OAK_FENCE"},{"x":7,"y":-51,"z":1,"block":"OAK_FENCE"},{"x":7,"y":-50,"z":1,"block":"OAK_FENCE"},{"x":12,"y":-51,"z":-1,"block":"OAK_FENCE"},{"x":12,"y":-50,"z":-1,"block":"OAK_FENCE"},{"x":12,"y":-51,"z":1,"block":"OAK_FENCE"},{"x":12,"y":-50,"z":1,"block":"OAK_FENCE"},{"x":17,"y":-51,"z":-1,"block":"OAK_FENCE"},{"x":17,"y":-50,"z":-1,"block":"OAK_FENCE"},{"x":17,"y":-51,"z":1,"block":"OAK_FENCE"},{"x":17,"y":-50,"z":1,"block":"OAK_FENCE"},{"x":22,"y":-51,"z":-1,"block":"OAK_FENCE"},{"x":22,"y":-50,"z":-1,"block":"OAK_FENCE"},{"x":22,"y":-51,"z":1,"block":"OAK_FENCE"},{"x":22,"y":-50,"z":1,"block":"OAK_FENCE"},{"x":27,"y":-51,"z":-1,"block":"OAK_FENCE"},{"x":27,"y":-50,"z":-1,"block":"OAK_FENCE"},{"x":27,"y":-51,"z":1,"block":"OAK_FENCE"},{"x":27,"y":-50,"z":1,"block":"OAK_FENCE"},{"x":32,"y":-51,"z":-1,"block":"OAK_FENCE"},{"x":32,"y":-50,"z":-1,"block":"OAK_FENCE"},{"x":32,"y":-51,"z":1,"block":"OAK_FENCE"},{"x":32,"y":-50,"z":1,"block":"OAK_FENCE"},{"x":37,"y":-51,"z":-1,"block":"OAK_FENCE"},{"x":37,"y":-50,"z":-1,"block":"OAK_FENCE"},{"x":37,"y":-51,"z":1,"block":"OAK_FENCE"},{"x":37,"y":-50,"z":1,"block":"OAK_FENCE"},{"x":43,"y":-60,"z":0,"block":"SPRUCE_LOG"},{"x":43,"y":-59,"z":0,"block":"SPRUCE_LOG"},{"x":43,"y":-58,"z":0,"block":"SPRUCE_LOG"},{"x":43,"y":-57,"z":0,"block":"SPRUCE_LOG"},{"x":43,"y":-56,"z":0,"block":"SPRUCE_LOG"},{"x":43,"y":-55,"z":0,"block":"SPRUCE_LOG"},{"x":43,"y":-54,"z":0,"block":"SPRUCE_LOG"},{"x":42,"y":-53,"z":-1,"block":"SPRUCE_PLANKS"},{"x":43,"y":-53,"z":-1,"block":"SPRUCE_PLANKS"},{"x":44,"y":-53,"z":-1,"block":"SPRUCE_PLANKS"},{"x":42,"y":-53,"z":0,"block":"SPRUCE_PLANKS"},{"x":43,"y":-53,"z":0,"block":"SPRUCE_PLANKS"},{"x":44,"y":-53,"z":0,"block":"SPRUCE_PLANKS"},{"x":42,"y":-53,"z":1,"block":"SPRUCE_PLANKS"},{"x":43,"y":-53,"z":1,"block":"SPRUCE_PLANKS"},{"x":44,"y":-53,"z":1,"block":"SPRUCE_PLANKS"},{"x":42,"y":-52,"z":-1,"block":"SPRUCE_FENCE"},{"x":43,"y":-52,"z":-1,"block":"SPRUCE_FENCE"},{"x":44,"y":-52,"z":-1,"block":"SPRUCE_FENCE"},{"x":42,"y":-52,"z":0,"block":"SPRUCE_FENCE"},{"x":44,"y":-52,"z":0,"block":"SPRUCE_FENCE"},{"x":42,"y":-52,"z":1,"block":"SPRUCE_FENCE"},{"x":43,"y":-52,"z":1,"block":"SPRUCE_FENCE"},{"x":44,"y":-52,"z":1,"block":"SPRUCE_FENCE"},{"x":42,"y":-51,"z":-1,"block":"SPRUCE_LEAVES"},{"x":43,"y":-51,"z":-1,"block":"SPRUCE_LEAVES"},{"x":44,"y":-51,"z":-1,"block":"SPRUCE_LEAVES"},{"x":42,"y":-51,"z":0,"block":"SPRUCE_LEAVES"},{"x":43,"y":-51,"z":0,"block":"SPRUCE_LEAVES"},{"x":44,"y":-51,"z":0,"block":"SPRUCE_LEAVES"},{"x":42,"y":-51,"z":1,"block":"SPRUCE_LEAVES"},{"x":43,"y":-51,"z":1,"block":"SPRUCE_LEAVES"},{"x":44,"y":-51,"z":1,"block":"SPRUCE_LEAVES"},{"x":41,"y":-51,"z":0,"block":"SPRUCE_LEAVES"},{"x":45,"y":-51,"z":0,"block":"SPRUCE_LEAVES"},{"x":43,"y":-51,"z":-2,"block":"SPRUCE_LEAVES"},{"x":43,"y":-51,"z":2,"block":"SPRUCE_LEAVES"},{"x":43,"y":-50,"z":0,"block":"SPRUCE_LEAVES"},{"x":44,"y":-59,"z":0,"block":"LADDER"},{"x":44,"y":-58,"z":0,"block":"LADDER"},{"x":44,"y":-57,"z":0,"block":"LADDER"},{"x":44,"y":-56,"z":0,"block":"LADDER"},{"x":44,"y":-55,"z":0,"block":"LADDER"},{"x":44,"y":-54,"z":0,"block":"LADDER"}]}
[21:48:23] [Server thread/INFO]: [Plugin] [STDOUT] x=0, y=-60, z=0, block=OAK_LOG
[21:48:23] [Server thread/INFO]: [Plugin] [STDOUT] x=0, y=-59, z=0, block=OAK_LOG
[21:48:23] [Server thread/INFO]: [Plugin] [STDOUT] x=0, y=-58, z=0, block=OAK_LOG
[21:48:23] [Server thread/INFO]: [Plugin] [STDOUT] x=0, y=-57, z=0, block=OAK_LOG
[21:48:23] [Server thread/INFO]: [Plugin] [STDOUT] x=0, y=-56, z=0, block=OAK_LOG
[21:48:23] [Server thread/INFO]: [Plugin] [STDOUT] x=0, y=-55, z=0, block=OAK_LOG
[21:48:23] [Server thread/INFO]: [Plugin] [STDOUT] x=0, y=-54, z=0, block=OAK_LOG
[21:48:23] [Server thread/INFO]: [Plugin] [STDOUT] x=-1, y=-53, z=-1, block=OAK_PLANKS
[21:48:23] [Server thread/INFO]: [Plugin] [STDOUT] x=0, y=-53, z=-1, block=OAK_PLANKS
[21:48:23] [Server thread/INFO]: [Plugin] [STDOUT] x=1, y=-53, z=-1, block=OAK_PLANKS
[21:48:23] [Server thread/INFO]: [Plugin] [STDOUT] x=-1, y=-53, z=0, block=OAK_PLANKS
[21:48:23] [Server thread/INFO]: [Plugin] [STDOUT] x=0, y=-53, z=0, block=OAK_PLANKS
[21:48:23] [Server thread/INFO]: [Plugin] [STDOUT] x=1, y=-53, z=0, block=OAK_PLANKS
[21:48:23] [Server thread/INFO]: [Plugin] [STDOUT] x=-1, y=-53, z=1, block=OAK_PLANKS
[21:48:23] [Server thread/INFO]: [Plugin] [STDOUT] x=0, y=-53, z=1, block=OAK_PLANKS
[21:48:23] [Server thread/INFO]: [Plugin] [STDOUT] x=1, y=-53, z=1, block=OAK_PLANKS
[21:48:23] [Server thread/INFO]: [Plugin] [STDOUT] x=-1, y=-52, z=-1, block=OAK_FENCE
[21:48:23] [Server thread/INFO]: [Plugin] [STDOUT] x=0, y=-52, z=-1, block=OAK_FENCE
[21:48:23] [Server thread/INFO]: [Plugin] [STDOUT] x=1, y=-52, z=-1, block=OAK_FENCE
[21:48:23] [Server thread/INFO]: [Plugin] [STDOUT] x=-1, y=-52, z=0, block=OAK_FENCE
[21:48:23] [Server thread/INFO]: [Plugin] [STDOUT] x=1, y=-52, z=0, block=OAK_FENCE
[21:48:23] [Server thread/INFO]: [Plugin] [STDOUT] x=-1, y=-52, z=1, block=OAK_FENCE
[21:48:23] [Server thread/INFO]: [Plugin] [STDOUT] x=0, y=-52, z=1, block=OAK_FENCE
[21:48:23] [Server thread/INFO]: [Plugin] [STDOUT] x=1, y=-52, z=1, block=OAK_FENCE
[21:48:23] [Server thread/INFO]: [Plugin] [STDOUT] x=-1, y=-51, z=-1, block=OAK_LEAVES
[21:48:23] [Server thread/INFO]: [Plugin] [STDOUT] x=0, y=-51, z=-1, block=OAK_LEAVES
[21:48:23] [Server thread/INFO]: [Plugin] [STDOUT] x=1, y=-51, z=-1, block=OAK_LEAVES
[21:48:23] [Server thread/INFO]: [Plugin] [STDOUT] x=-1, y=-51, z=0, block=OAK_LEAVES
[21:48:23] [Server thread/INFO]: [Plugin] [STDOUT] x=0, y=-51, z=0, block=OAK_LEAVES
[21:48:23] [Server thread/INFO]: [Plugin] [STDOUT] x=1, y=-51, z=0, block=OAK_LEAVES
[21:48:23] [Server thread/INFO]: [Plugin] [STDOUT] x=-1, y=-51, z=1, block=OAK_LEAVES
[21:48:23] [Server thread/INFO]: [Plugin] [STDOUT] x=0, y=-51, z=1, block=OAK_LEAVES
[21:48:23] [Server thread/INFO]: [Plugin] [STDOUT] x=1, y=-51, z=1, block=OAK_LEAVES
[21:48:23] [Server thread/INFO]: [Plugin] [STDOUT] x=-2, y=-51, z=0, block=OAK_LEAVES
[21:48:23] [Server thread/INFO]: [Plugin] [STDOUT] x=2, y=-51, z=0, block=OAK_LEAVES
[21:48:23] [Server thread/INFO]: [Plugin] [STDOUT] x=0, y=-51, z=-2, block=OAK_LEAVES
[21:48:23] [Server thread/INFO]: [Plugin] [STDOUT] x=0, y=-51, z=2, block=OAK_LEAVES
[21:48:23] [Server thread/INFO]: [Plugin] [STDOUT] x=0, y=-50, z=0, block=OAK_LEAVES
[21:48:23] [Server thread/INFO]: [Plugin] [STDOUT] x=1, y=-59, z=0, block=LADDER
[21:48:23] [Server thread/INFO]: [Plugin] [STDOUT] x=1, y=-58, z=0, block=LADDER
[21:48:23] [Server thread/INFO]: [Plugin] [STDOUT] x=1, y=-57, z=0, block=LADDER
[21:48:23] [Server thread/INFO]: [Plugin] [STDOUT] x=1, y=-56, z=0, block=LADDER
[21:48:23] [Server thread/INFO]: [Plugin] [STDOUT] x=1, y=-55, z=0, block=LADDER
[21:48:23] [Server thread/INFO]: [Plugin] [STDOUT] x=1, y=-54, z=0, block=LADDER
[21:48:23] [Server thread/INFO]: [Plugin] [STDOUT] x=2, y=-53, z=0, block=OAK_PLANKS
[21:48:23] [Server thread/INFO]: [Plugin] [STDOUT] x=3, y=-53, z=0, block=OAK_PLANKS
[21:48:23] [Server thread/INFO]: [Plugin] [STDOUT] x=4, y=-53, z=0, block=OAK_PLANKS
[21:48:23] [Server thread/INFO]: [Plugin] [STDOUT] x=5, y=-53, z=0, block=OAK_PLANKS
[21:48:23] [Server thread/INFO]: [Plugin] [STDOUT] x=6, y=-53, z=0, block=OAK_PLANKS
[21:48:23] [Server thread/INFO]: [Plugin] [STDOUT] x=7, y=-53, z=0, block=OAK_PLANKS
[21:48:23] [Server thread/INFO]: [Plugin] [STDOUT] x=8, y=-53, z=0, block=OAK_PLANKS
[21:48:23] [Server thread/INFO]: [Plugin] [STDOUT] x=9, y=-53, z=0, block=OAK_PLANKS
[21:48:23] [Server thread/INFO]: [Plugin] [STDOUT] x=10, y=-53, z=0, block=OAK_PLANKS
[21:48:23] [Server thread/INFO]: [Plugin] [STDOUT] x=11, y=-53, z=0, block=OAK_PLANKS
[21:48:23] [Server thread/INFO]: [Plugin] [STDOUT] x=12, y=-53, z=0, block=OAK_PLANKS
[21:48:23] [Server thread/INFO]: [Plugin] [STDOUT] x=13, y=-53, z=0, block=OAK_PLANKS
[21:48:23] [Server thread/INFO]: [Plugin] [STDOUT] x=14, y=-53, z=0, block=OAK_PLANKS
[21:48:23] [Server thread/INFO]: [Plugin] [STDOUT] x=15, y=-53, z=0, block=OAK_PLANKS
[21:48:23] [Server thread/INFO]: [Plugin] [STDOUT] x=16, y=-53, z=0, block=OAK_PLANKS
[21:48:23] [Server thread/INFO]: [Plugin] [STDOUT] x=17, y=-53, z=0, block=OAK_PLANKS
[21:48:23] [Server thread/INFO]: [Plugin] [STDOUT] x=18, y=-53, z=0, block=OAK_PLANKS
[21:48:23] [Server thread/INFO]: [Plugin] [STDOUT] x=19, y=-53, z=0, block=OAK_PLANKS
[21:48:23] [Server thread/INFO]: [Plugin] [STDOUT] x=20, y=-53, z=0, block=OAK_PLANKS
[21:48:23] [Server thread/INFO]: [Plugin] [STDOUT] x=21, y=-53, z=0, block=OAK_PLANKS
[21:48:23] [Server thread/INFO]: [Plugin] [STDOUT] x=22, y=-53, z=0, block=OAK_PLANKS
[21:48:23] [Server thread/INFO]: [Plugin] [STDOUT] x=23, y=-53, z=0, block=OAK_PLANKS
[21:48:23] [Server thread/INFO]: [Plugin] [STDOUT] x=24, y=-53, z=0, block=OAK_PLANKS
[21:48:23] [Server thread/INFO]: [Plugin] [STDOUT] x=25, y=-53, z=0, block=OAK_PLANKS
[21:48:23] [Server thread/INFO]: [Plugin] [STDOUT] x=26, y=-53, z=0, block=OAK_PLANKS
[21:48:23] [Server thread/INFO]: [Plugin] [STDOUT] x=27, y=-53, z=0, block=OAK_PLANKS
[21:48:23] [Server thread/INFO]: [Plugin] [STDOUT] x=28, y=-53, z=0, block=OAK_PLANKS
[21:48:23] [Server thread/INFO]: [Plugin] [STDOUT] x=29, y=-53, z=0, block=OAK_PLANKS
[21:48:23] [Server thread/INFO]: [Plugin] [STDOUT] x=30, y=-53, z=0, block=OAK_PLANKS
[21:48:23] [Server thread/INFO]: [Plugin] [STDOUT] x=31, y=-53, z=0, block=OAK_PLANKS
[21:48:23] [Server thread/INFO]: [Plugin] [STDOUT] x=32, y=-53, z=0, block=OAK_PLANKS
[21:48:23] [Server thread/INFO]: [Plugin] [STDOUT] x=33, y=-53, z=0, block=OAK_PLANKS
[21:48:23] [Server thread/INFO]: [Plugin] [STDOUT] x=34, y=-53, z=0, block=OAK_PLANKS
[21:48:23] [Server thread/INFO]: [Plugin] [STDOUT] x=35, y=-53, z=0, block=OAK_PLANKS
[21:48:23] [Server thread/INFO]: [Plugin] [STDOUT] x=36, y=-53, z=0, block=OAK_PLANKS
[21:48:23] [Server thread/INFO]: [Plugin] [STDOUT] x=37, y=-53, z=0, block=OAK_PLANKS
[21:48:23] [Server thread/INFO]: [Plugin] [STDOUT] x=38, y=-53, z=0, block=OAK_PLANKS
[21:48:23] [Server thread/INFO]: [Plugin] [STDOUT] x=39, y=-53, z=0, block=OAK_PLANKS
[21:48:23] [Server thread/INFO]: [Plugin] [STDOUT] x=40, y=-53, z=0, block=OAK_PLANKS
[21:48:23] [Server thread/INFO]: [Plugin] [STDOUT] x=41, y=-53, z=0, block=OAK_PLANKS
[21:48:23] [Server thread/INFO]: [Plugin] [STDOUT] x=2, y=-52, z=-1, block=OAK_FENCE
[21:48:23] [Server thread/INFO]: [Plugin] [STDOUT] x=3, y=-52, z=-1, block=OAK_FENCE
[21:48:23] [Server thread/INFO]: [Plugin] [STDOUT] x=4, y=-52, z=-1, block=OAK_FENCE
[21:48:23] [Server thread/INFO]: [Plugin] [STDOUT] x=5, y=-52, z=-1, block=OAK_FENCE
[21:48:23] [Server thread/INFO]: [Plugin] [STDOUT] x=6, y=-52, z=-1, block=OAK_FENCE
[21:48:23] [Server thread/INFO]: [Plugin] [STDOUT] x=7, y=-52, z=-1, block=OAK_FENCE
[21:48:23] [Server thread/INFO]: [Plugin] [STDOUT] x=8, y=-52, z=-1, block=OAK_FENCE
[21:48:23] [Server thread/INFO]: [Plugin] [STDOUT] x=9, y=-52, z=-1, block=OAK_FENCE
[21:48:23] [Server thread/INFO]: [Plugin] [STDOUT] x=10, y=-52, z=-1, block=OAK_FENCE
[21:48:23] [Server thread/INFO]: [Plugin] [STDOUT] x=11, y=-52, z=-1, block=OAK_FENCE
[21:48:23] [Server thread/INFO]: [Plugin] [STDOUT] x=12, y=-52, z=-1, block=OAK_FENCE
[21:48:23] [Server thread/INFO]: [Plugin] [STDOUT] x=13, y=-52, z=-1, block=OAK_FENCE
[21:48:23] [Server thread/INFO]: [Plugin] [STDOUT] x=14, y=-52, z=-1, block=OAK_FENCE
[21:48:23] [Server thread/INFO]: [Plugin] [STDOUT] x=15, y=-52, z=-1, block=OAK_FENCE
[21:48:23] [Server thread/INFO]: [Plugin] [STDOUT] x=16, y=-52, z=-1, block=OAK_FENCE
[21:48:23] [Server thread/INFO]: [Plugin] [STDOUT] x=17, y=-52, z=-1, block=OAK_FENCE
[21:48:23] [Server thread/INFO]: [Plugin] [STDOUT] x=18, y=-52, z=-1, block=OAK_FENCE
[21:48:23] [Server thread/INFO]: [Plugin] [STDOUT] x=19, y=-52, z=-1, block=OAK_FENCE
[21:48:23] [Server thread/INFO]: [Plugin] [STDOUT] x=20, y=-52, z=-1, block=OAK_FENCE
[21:48:23] [Server thread/INFO]: [Plugin] [STDOUT] x=21, y=-52, z=-1, block=OAK_FENCE
[21:48:23] [Server thread/INFO]: [Plugin] [STDOUT] x=22, y=-52, z=-1, block=OAK_FENCE
[21:48:23] [Server thread/INFO]: [Plugin] [STDOUT] x=23, y=-52, z=-1, block=OAK_FENCE
[21:48:23] [Server thread/INFO]: [Plugin] [STDOUT] x=24, y=-52, z=-1, block=OAK_FENCE
[21:48:23] [Server thread/INFO]: [Plugin] [STDOUT] x=25, y=-52, z=-1, block=OAK_FENCE
[21:48:23] [Server thread/INFO]: [Plugin] [STDOUT] x=26, y=-52, z=-1, block=OAK_FENCE
[21:48:23] [Server thread/INFO]: [Plugin] [STDOUT] x=27, y=-52, z=-1, block=OAK_FENCE
[21:48:23] [Server thread/INFO]: [Plugin] [STDOUT] x=28, y=-52, z=-1, block=OAK_FENCE
[21:48:23] [Server thread/INFO]: [Plugin] [STDOUT] x=29, y=-52, z=-1, block=OAK_FENCE
[21:48:23] [Server thread/INFO]: [Plugin] [STDOUT] x=30, y=-52, z=-1, block=OAK_FENCE
[21:48:23] [Server thread/INFO]: [Plugin] [STDOUT] x=31, y=-52, z=-1, block=OAK_FENCE
[21:48:23] [Server thread/INFO]: [Plugin] [STDOUT] x=32, y=-52, z=-1, block=OAK_FENCE
[21:48:23] [Server thread/INFO]: [Plugin] [STDOUT] x=33, y=-52, z=-1, block=OAK_FENCE
[21:48:23] [Server thread/INFO]: [Plugin] [STDOUT] x=34, y=-52, z=-1, block=OAK_FENCE
[21:48:23] [Server thread/INFO]: [Plugin] [STDOUT] x=35, y=-52, z=-1, block=OAK_FENCE
[21:48:23] [Server thread/INFO]: [Plugin] [STDOUT] x=36, y=-52, z=-1, block=OAK_FENCE
[21:48:23] [Server thread/INFO]: [Plugin] [STDOUT] x=37, y=-52, z=-1, block=OAK_FENCE
[21:48:23] [Server thread/INFO]: [Plugin] [STDOUT] x=38, y=-52, z=-1, block=OAK_FENCE
[21:48:23] [Server thread/INFO]: [Plugin] [STDOUT] x=39, y=-52, z=-1, block=OAK_FENCE
[21:48:23] [Server thread/INFO]: [Plugin] [STDOUT] x=40, y=-52, z=-1, block=OAK_FENCE
[21:48:23] [Server thread/INFO]: [Plugin] [STDOUT] x=41, y=-52, z=-1, block=OAK_FENCE
[21:48:23] [Server thread/INFO]: [Plugin] [STDOUT] x=2, y=-52, z=1, block=OAK_FENCE
[21:48:23] [Server thread/INFO]: [Plugin] [STDOUT] x=3, y=-52, z=1, block=OAK_FENCE
[21:48:23] [Server thread/INFO]: [Plugin] [STDOUT] x=4, y=-52, z=1, block=OAK_FENCE
[21:48:23] [Server thread/INFO]: [Plugin] [STDOUT] x=5, y=-52, z=1, block=OAK_FENCE
[21:48:23] [Server thread/INFO]: [Plugin] [STDOUT] x=6, y=-52, z=1, block=OAK_FENCE
[21:48:23] [Server thread/INFO]: [Plugin] [STDOUT] x=7, y=-52, z=1, block=OAK_FENCE
[21:48:23] [Server thread/INFO]: [Plugin] [STDOUT] x=8, y=-52, z=1, block=OAK_FENCE
[21:48:23] [Server thread/INFO]: [Plugin] [STDOUT] x=9, y=-52, z=1, block=OAK_FENCE
[21:48:23] [Server thread/INFO]: [Plugin] [STDOUT] x=10, y=-52, z=1, block=OAK_FENCE
[21:48:23] [Server thread/INFO]: [Plugin] [STDOUT] x=11, y=-52, z=1, block=OAK_FENCE
[21:48:23] [Server thread/INFO]: [Plugin] [STDOUT] x=12, y=-52, z=1, block=OAK_FENCE
[21:48:23] [Server thread/INFO]: [Plugin] [STDOUT] x=13, y=-52, z=1, block=OAK_FENCE
[21:48:23] [Server thread/INFO]: [Plugin] [STDOUT] x=14, y=-52, z=1, block=OAK_FENCE
[21:48:23] [Server thread/INFO]: [Plugin] [STDOUT] x=15, y=-52, z=1, block=OAK_FENCE
[21:48:23] [Server thread/INFO]: [Plugin] [STDOUT] x=16, y=-52, z=1, block=OAK_FENCE
[21:48:23] [Server thread/INFO]: [Plugin] [STDOUT] x=17, y=-52, z=1, block=OAK_FENCE
[21:48:23] [Server thread/INFO]: [Plugin] [STDOUT] x=18, y=-52, z=1, block=OAK_FENCE
[21:48:23] [Server thread/INFO]: [Plugin] [STDOUT] x=19, y=-52, z=1, block=OAK_FENCE
[21:48:23] [Server thread/INFO]: [Plugin] [STDOUT] x=20, y=-52, z=1, block=OAK_FENCE
[21:48:23] [Server thread/INFO]: [Plugin] [STDOUT] x=21, y=-52, z=1, block=OAK_FENCE
[21:48:23] [Server thread/INFO]: [Plugin] [STDOUT] x=22, y=-52, z=1, block=OAK_FENCE
[21:48:23] [Server thread/INFO]: [Plugin] [STDOUT] x=23, y=-52, z=1, block=OAK_FENCE
[21:48:23] [Server thread/INFO]: [Plugin] [STDOUT] x=24, y=-52, z=1, block=OAK_FENCE
[21:48:23] [Server thread/INFO]: [Plugin] [STDOUT] x=25, y=-52, z=1, block=OAK_FENCE
[21:48:23] [Server thread/INFO]: [Plugin] [STDOUT] x=26, y=-52, z=1, block=OAK_FENCE
[21:48:23] [Server thread/INFO]: [Plugin] [STDOUT] x=27, y=-52, z=1, block=OAK_FENCE
[21:48:23] [Server thread/INFO]: [Plugin] [STDOUT] x=28, y=-52, z=1, block=OAK_FENCE
[21:48:23] [Server thread/INFO]: [Plugin] [STDOUT] x=29, y=-52, z=1, block=OAK_FENCE
[21:48:23] [Server thread/INFO]: [Plugin] [STDOUT] x=30, y=-52, z=1, block=OAK_FENCE
[21:48:23] [Server thread/INFO]: [Plugin] [STDOUT] x=31, y=-52, z=1, block=OAK_FENCE
[21:48:23] [Server thread/INFO]: [Plugin] [STDOUT] x=32, y=-52, z=1, block=OAK_FENCE
[21:48:23] [Server thread/INFO]: [Plugin] [STDOUT] x=33, y=-52, z=1, block=OAK_FENCE
[21:48:23] [Server thread/INFO]: [Plugin] [STDOUT] x=34, y=-52, z=1, block=OAK_FENCE
[21:48:23] [Server thread/INFO]: [Plugin] [STDOUT] x=35, y=-52, z=1, block=OAK_FENCE
[21:48:23] [Server thread/INFO]: [Plugin] [STDOUT] x=36, y=-52, z=1, block=OAK_FENCE
[21:48:23] [Server thread/INFO]: [Plugin] [STDOUT] x=37, y=-52, z=1, block=OAK_FENCE
[21:48:23] [Server thread/INFO]: [Plugin] [STDOUT] x=38, y=-52, z=1, block=OAK_FENCE
[21:48:23] [Server thread/INFO]: [Plugin] [STDOUT] x=39, y=-52, z=1, block=OAK_FENCE
[21:48:23] [Server thread/INFO]: [Plugin] [STDOUT] x=40, y=-52, z=1, block=OAK_FENCE
[21:48:23] [Server thread/INFO]: [Plugin] [STDOUT] x=41, y=-52, z=1, block=OAK_FENCE
[21:48:23] [Server thread/INFO]: [Plugin] [STDOUT] x=2, y=-51, z=-1, block=OAK_FENCE
[21:48:23] [Server thread/INFO]: [Plugin] [STDOUT] x=2, y=-50, z=-1, block=OAK_FENCE
[21:48:23] [Server thread/INFO]: [Plugin] [STDOUT] x=2, y=-51, z=1, block=OAK_FENCE
[21:48:23] [Server thread/INFO]: [Plugin] [STDOUT] x=2, y=-50, z=1, block=OAK_FENCE
[21:48:23] [Server thread/INFO]: [Plugin] [STDOUT] x=7, y=-51, z=-1, block=OAK_FENCE
[21:48:23] [Server thread/INFO]: [Plugin] [STDOUT] x=7, y=-50, z=-1, block=OAK_FENCE
[21:48:23] [Server thread/INFO]: [Plugin] [STDOUT] x=7, y=-51, z=1, block=OAK_FENCE
[21:48:23] [Server thread/INFO]: [Plugin] [STDOUT] x=7, y=-50, z=1, block=OAK_FENCE
[21:48:23] [Server thread/INFO]: [Plugin] [STDOUT] x=12, y=-51, z=-1, block=OAK_FENCE
[21:48:23] [Server thread/INFO]: [Plugin] [STDOUT] x=12, y=-50, z=-1, block=OAK_FENCE
[21:48:23] [Server thread/INFO]: [Plugin] [STDOUT] x=12, y=-51, z=1, block=OAK_FENCE
[21:48:23] [Server thread/INFO]: [Plugin] [STDOUT] x=12, y=-50, z=1, block=OAK_FENCE
[21:48:23] [Server thread/INFO]: [Plugin] [STDOUT] x=17, y=-51, z=-1, block=OAK_FENCE
[21:48:23] [Server thread/INFO]: [Plugin] [STDOUT] x=17, y=-50, z=-1, block=OAK_FENCE
[21:48:23] [Server thread/INFO]: [Plugin] [STDOUT] x=17, y=-51, z=1, block=OAK_FENCE
[21:48:23] [Server thread/INFO]: [Plugin] [STDOUT] x=17, y=-50, z=1, block=OAK_FENCE
[21:48:23] [Server thread/INFO]: [Plugin] [STDOUT] x=22, y=-51, z=-1, block=OAK_FENCE
[21:48:23] [Server thread/INFO]: [Plugin] [STDOUT] x=22, y=-50, z=-1, block=OAK_FENCE
[21:48:23] [Server thread/INFO]: [Plugin] [STDOUT] x=22, y=-51, z=1, block=OAK_FENCE
[21:48:23] [Server thread/INFO]: [Plugin] [STDOUT] x=22, y=-50, z=1, block=OAK_FENCE
[21:48:23] [Server thread/INFO]: [Plugin] [STDOUT] x=27, y=-51, z=-1, block=OAK_FENCE
[21:48:23] [Server thread/INFO]: [Plugin] [STDOUT] x=27, y=-50, z=-1, block=OAK_FENCE
[21:48:23] [Server thread/INFO]: [Plugin] [STDOUT] x=27, y=-51, z=1, block=OAK_FENCE
[21:48:23] [Server thread/INFO]: [Plugin] [STDOUT] x=27, y=-50, z=1, block=OAK_FENCE
[21:48:23] [Server thread/INFO]: [Plugin] [STDOUT] x=32, y=-51, z=-1, block=OAK_FENCE
[21:48:23] [Server thread/INFO]: [Plugin] [STDOUT] x=32, y=-50, z=-1, block=OAK_FENCE
[21:48:23] [Server thread/INFO]: [Plugin] [STDOUT] x=32, y=-51, z=1, block=OAK_FENCE
[21:48:23] [Server thread/INFO]: [Plugin] [STDOUT] x=32, y=-50, z=1, block=OAK_FENCE
[21:48:23] [Server thread/INFO]: [Plugin] [STDOUT] x=37, y=-51, z=-1, block=OAK_FENCE
[21:48:23] [Server thread/INFO]: [Plugin] [STDOUT] x=37, y=-50, z=-1, block=OAK_FENCE
[21:48:23] [Server thread/INFO]: [Plugin] [STDOUT] x=37, y=-51, z=1, block=OAK_FENCE
[21:48:23] [Server thread/INFO]: [Plugin] [STDOUT] x=37, y=-50, z=1, block=OAK_FENCE
[21:48:23] [Server thread/INFO]: [Plugin] [STDOUT] x=43, y=-60, z=0, block=SPRUCE_LOG
[21:48:23] [Server thread/INFO]: [Plugin] [STDOUT] x=43, y=-59, z=0, block=SPRUCE_LOG
[21:48:23] [Server thread/WARN]: Nag author(s): '[]' of 'Plugin v1.0-SNAPSHOT' about their usage of System.out/err.print. Please use your plugin's logger instead (JavaPlugin#getLogger).
[21:48:23] [Server thread/INFO]: [Plugin] [STDOUT] x=43, y=-58, z=0, block=SPRUCE_LOG
[21:48:23] [Server thread/INFO]: [Plugin] [STDOUT] x=43, y=-57, z=0, block=SPRUCE_LOG
[21:48:23] [Server thread/INFO]: [Plugin] [STDOUT] x=43, y=-56, z=0, block=SPRUCE_LOG
[21:48:23] [Server thread/INFO]: [Plugin] [STDOUT] x=43, y=-55, z=0, block=SPRUCE_LOG
[21:48:23] [Server thread/INFO]: [Plugin] [STDOUT] x=43, y=-54, z=0, block=SPRUCE_LOG
[21:48:23] [Server thread/INFO]: [Plugin] [STDOUT] x=42, y=-53, z=-1, block=SPRUCE_PLANKS
[21:48:23] [Server thread/INFO]: [Plugin] [STDOUT] x=43, y=-53, z=-1, block=SPRUCE_PLANKS
[21:48:23] [Server thread/INFO]: [Plugin] [STDOUT] x=44, y=-53, z=-1, block=SPRUCE_PLANKS
[21:48:23] [Server thread/INFO]: [Plugin] [STDOUT] x=42, y=-53, z=0, block=SPRUCE_PLANKS
[21:48:23] [Server thread/INFO]: [Plugin] [STDOUT] x=43, y=-53, z=0, block=SPRUCE_PLANKS
[21:48:23] [Server thread/INFO]: [Plugin] [STDOUT] x=44, y=-53, z=0, block=SPRUCE_PLANKS
[21:48:23] [Server thread/INFO]: [Plugin] [STDOUT] x=42, y=-53, z=1, block=SPRUCE_PLANKS
[21:48:23] [Server thread/INFO]: [Plugin] [STDOUT] x=43, y=-53, z=1, block=SPRUCE_PLANKS
[21:48:23] [Server thread/INFO]: [Plugin] [STDOUT] x=44, y=-53, z=1, block=SPRUCE_PLANKS
[21:48:23] [Server thread/INFO]: [Plugin] [STDOUT] x=42, y=-52, z=-1, block=SPRUCE_FENCE
[21:48:23] [Server thread/INFO]: [Plugin] [STDOUT] x=43, y=-52, z=-1, block=SPRUCE_FENCE
[21:48:23] [Server thread/INFO]: [Plugin] [STDOUT] x=44, y=-52, z=-1, block=SPRUCE_FENCE
[21:48:23] [Server thread/INFO]: [Plugin] [STDOUT] x=42, y=-52, z=0, block=SPRUCE_FENCE
[21:48:23] [Server thread/INFO]: [Plugin] [STDOUT] x=44, y=-52, z=0, block=SPRUCE_FENCE
[21:48:23] [Server thread/INFO]: [Plugin] [STDOUT] x=42, y=-52, z=1, block=SPRUCE_FENCE
[21:48:23] [Server thread/INFO]: [Plugin] [STDOUT] x=43, y=-52, z=1, block=SPRUCE_FENCE
[21:48:23] [Server thread/INFO]: [Plugin] [STDOUT] x=44, y=-52, z=1, block=SPRUCE_FENCE
[21:48:23] [Server thread/INFO]: [Plugin] [STDOUT] x=42, y=-51, z=-1, block=SPRUCE_LEAVES
[21:48:23] [Server thread/INFO]: [Plugin] [STDOUT] x=43, y=-51, z=-1, block=SPRUCE_LEAVES
[21:48:23] [Server thread/INFO]: [Plugin] [STDOUT] x=44, y=-51, z=-1, block=SPRUCE_LEAVES
[21:48:23] [Server thread/INFO]: [Plugin] [STDOUT] x=42, y=-51, z=0, block=SPRUCE_LEAVES
[21:48:23] [Server thread/INFO]: [Plugin] [STDOUT] x=43, y=-51, z=0, block=SPRUCE_LEAVES
[21:48:23] [Server thread/INFO]: [Plugin] [STDOUT] x=44, y=-51, z=0, block=SPRUCE_LEAVES
[21:48:23] [Server thread/INFO]: [Plugin] [STDOUT] x=42, y=-51, z=1, block=SPRUCE_LEAVES
[21:48:23] [Server thread/INFO]: [Plugin] [STDOUT] x=43, y=-51, z=1, block=SPRUCE_LEAVES
[21:48:23] [Server thread/INFO]: [Plugin] [STDOUT] x=44, y=-51, z=1, block=SPRUCE_LEAVES
[21:48:23] [Server thread/INFO]: [Plugin] [STDOUT] x=41, y=-51, z=0, block=SPRUCE_LEAVES
[21:48:23] [Server thread/INFO]: [Plugin] [STDOUT] x=45, y=-51, z=0, block=SPRUCE_LEAVES
[21:48:23] [Server thread/INFO]: [Plugin] [STDOUT] x=43, y=-51, z=-2, block=SPRUCE_LEAVES
[21:48:23] [Server thread/INFO]: [Plugin] [STDOUT] x=43, y=-51, z=2, block=SPRUCE_LEAVES
[21:48:23] [Server thread/INFO]: [Plugin] [STDOUT] x=43, y=-50, z=0, block=SPRUCE_LEAVES
[21:48:23] [Server thread/INFO]: [Plugin] [STDOUT] x=44, y=-59, z=0, block=LADDER
[21:48:23] [Server thread/INFO]: [Plugin] [STDOUT] x=44, y=-58, z=0, block=LADDER
[21:48:23] [Server thread/INFO]: [Plugin] [STDOUT] x=44, y=-57, z=0, block=LADDER
[21:48:23] [Server thread/INFO]: [Plugin] [STDOUT] x=44, y=-56, z=0, block=LADDER
[21:48:23] [Server thread/INFO]: [Plugin] [STDOUT] x=44, y=-55, z=0, block=LADDER
[21:48:23] [Server thread/INFO]: [Plugin] [STDOUT] x=44, y=-54, z=0, block=LADDER
[21:48:23] [Server thread/INFO]: NicoDx joined the game
[21:48:24] [Server thread/INFO]: NicoDx[/127.0.0.1:57941] logged in with entity id 13 at ([world]64.0, -34.0, 20.0)
[21:49:00] [Server thread/INFO]: NicoDx lost connection: Disconnected
[21:49:00] [Server thread/INFO]: NicoDx left the game
